MySQL Shell 8.0.32

Copyright (c) 2016, 2023, Oracle and/or its affiliates.
Oracle is a registered trademark of Oracle Corporation and/or its affiliates.
Other names may be trademarks of their respective owners.

Type '\help' or '\?' for help; '\quit' to exit.
 MySQL  JS > \sql
Switching to SQL mode... Commands end with ;
 MySQL  SQL > \connect root@localhost
Creating a session to 'root@localhost'
Fetching global names for auto-completion... Press ^C to stop.
Your MySQL connection id is 8 (X protocol)
Server version: 8.0.32 MySQL Community Server - GPL
No default schema selected; type \use <schema> to set one.
 MySQL  localhost:33060+ ssl  SQL > show databases;
+----------------------------+
| Database                   |
+----------------------------+
| a                          |
| agencia                    |
| comp2                      |
| company                    |
| credit_cards               |
| eva1                       |
| eva3                       |
| eva_2                      |
| eva_3                      |
| evaluacion_1               |
| human_resources            |
| information_schema         |
| mysql                      |
| nombre_de_la_base_de_datos |
| ordenes                    |
| orders                     |
| performance_schema         |
| sakila                     |
| sys                        |
| world                      |
+----------------------------+
20 rows in set (0.0016 sec)
 MySQL  localhost:33060+ ssl  SQL > create database HOSPITAL;
Query OK, 1 row affected (0.0085 sec)
 MySQL  localhost:33060+ ssl  SQL > use hospital;
Default schema set to `hospital`.
Fetching global names, object names from `hospital` for auto-completion... Press ^C to stop.
 MySQL  localhost:33060+ ssl  hospital  SQL > \use hospital
Default schema set to `hospital`.
Fetching global names, object names from `hospital` for auto-completion... Press ^C to stop.
 MySQL  localhost:33060+ ssl  hospital  SQL > CREATE TABLE pacientes (
                                           -> paciente_id INT NOT NULL AUTO_INCREMENT PRIMARY KEY,
                                           -> nombre VARCHAR(255) NOT NULL,
                                           -> apellido_pat VARCHAR(255) NOT NULL,
                                           -> apellido_mat VARCHAR(255) NOT NULL,
                                           -> fecha_nacimiento DATE NOT NULL,
                                           -> peso DOUBLE NOT NULL,
                                           -> altura DOUBLE NOT NULL,
                                           -> numero_seguro_social VARCHAR(255) NOT NULL,
                                           -> genero ENUM('masculino', 'femenino'),
                                           -> telefono_casa VARCHAR(255),
                                           -> telefono_trabajo VARCHAR(255),
                                           -> telefono_movil VARCHAR(255),
                                           -> otros VARCHAR(255)
                                           -> );
Query OK, 0 rows affected (0.0133 sec)
 MySQL  localhost:33060+ ssl  hospital  SQL > CREATE TABLE cuartos (
                                           -> cuarto_id INT NOT NULL AUTO_INCREMENT PRIMARY KEY,
                                           -> paciente_id INT NOT NULL,
                                           -> numero_cuarto INT NOT NULL,
                                           -> inicio_estadia DATE NOT NULL,
                                           -> fin_estadia DATE,
                                           -> FOREIGN KEY (paciente_id) REFERENCES pacientes(paciente_id)
                                           -> ON UPDATE CASCADE
                                           -> ON DELETE RESTRICT
                                           -> );
Query OK, 0 rows affected (0.0125 sec)
 MySQL  localhost:33060+ ssl  hospital  SQL > CREATE TABLE direcciones_pacientes (
                                           -> direccion_paciente_id INT NOT NULL AUTO_INCREMENT PRIMARY KEY,
                                           -> paciente_id INT NOT NULL,
                                           -> direccion_id INT NOT NULL,
                                           -> FOREIGN KEY (paciente_id) REFERENCES pacientes(paciente_id)
                                           -> ON UPDATE CASCADE
                                           -> ON DELETE RESTRICT,
                                           -> FOREIGN KEY (direccion_id) REFERENCES direcciones(direccion_id)
                                           -> ON UPDATE CASCADE
                                           -> ON DELETE CASCADE
                                           -> );
ERROR: 1824: Failed to open the referenced table 'direcciones'
 MySQL  localhost:33060+ ssl  hospital  SQL > CREATE TABLE empleados (
                                           -> empleado_id INT NOT NULL AUTO_INCREMENT PRIMARY KEY,
                                           -> nombre VARCHAR(255) NOT NULL,
                                           -> apellido_pat VARCHAR(255) NOT NULL,
                                           -> apellido_mat VARCHAR(255) NOT NULL,
                                           -> titulo VARCHAR(255),
                                           -> fecha_nacimiento DATE NOT NULL,
                                           -> otros VARCHAR(255)
                                           -> );
Query OK, 0 rows affected (0.0089 sec)
 MySQL  localhost:33060+ ssl  hospital  SQL > CREATE TABLE direcciones_empleados (
                                           -> direccion_empleado_id INT NOT NULL AUTO_INCREMENT PRIMARY KEY,
                                           -> empleado_id INT NOT NULL,
                                           -> direccion_id INT NOT NULL,
                                           -> FOREIGN KEY (empleado_id) REFERENCES empleados(empleado_id)
                                           -> ON UPDATE CASCADE
                                           -> ON DELETE RESTRICT,
                                           -> FOREIGN KEY (direccion_id) REFERENCES direcciones(direccion_id)
                                           -> ON UPDATE CASCADE
                                           -> ON DELETE CASCADE
                                           -> );
ERROR: 1824: Failed to open the referenced table 'direcciones'
 MySQL  localhost:33060+ ssl  hospital  SQL > CREATE TABLE direcciones_empleados (
                                           -> direccion_empleado_id INT NOT NULL AUTO_INCREMENT PRIMARY KEY,
                                           -> empleado_id INT NOT NULL,
                                           -> direccion_id INT NOT NULL,
                                           -> FOREIGN KEY (empleado_id) REFERENCES empleados(empleado_id)
                                           -> ON UPDATE CASCADE
                                           -> ON DELETE RESTRICT,
                                           -> FOREIGN KEY (direccion_id) REFERENCES direcciones(direccion_id)
                                           -> ON UPDATE CASCADE
                                           -> ON DELETE CASCADE
                                           -> );
ERROR: 1824: Failed to open the referenced table 'direcciones'
 MySQL  localhost:33060+ ssl  hospital  SQL > CREATE TABLE direcciones (
                                           -> direccion_id INT NOT NULL AUTO_INCREMENT PRIMARY KEY,
                                           -> calle VARCHAR(255) NOT NULL,
                                           -> numero_exterior INT NOT NULL,
                                           -> numero_interior INT,
                                           -> colonia VARCHAR(255) NOT NULL,
                                           -> codigo_postal VARCHAR(255) NOT NULL,
                                           -> ciudad VARCHAR(255) NOT NULL,
                                           -> estado VARCHAR(255) NOT NULL,
                                           -> pais VARCHAR(255) NOT NULL,
                                           -> otros VARCHAR(255) NOT NULL
                                           -> );
Query OK, 0 rows affected (0.0101 sec)
 MySQL  localhost:33060+ ssl  hospital  SQL > CREATE TABLE direcciones_empleados ( direccion_empleado_id INT NOT NULL AUTO_INCREMENT PRIMARY KEY, empleado_id INT NOT NULL, direccion_id INT NOT NULL, FOREIGN KEY (empleado_id) REFERENCES empleados(empleado_id) ON UPDATE CASCADE ON DELETE RESTRICT, FOREIGN KEY (direccion_id) REFERENCES direcciones(direccion_id) ON UPDATE CASCADE ON DELETE CASCADE );
Query OK, 0 rows affected (0.0126 sec)
 MySQL  localhost:33060+ ssl  hospital  SQL > CREATE TABLE registro_pacientes (
                                           -> registro_paciente_id INT NOT NULL AUTO_INCREMENT PRIMARY KEY,
                                           -> paciente_id INT NOT NULL,
                                           -> cuentas_pacientes_id INT NOT NULL,
                                           -> registro_por_empleado_id INT NOT NULL,
                                           -> fecha_admision DATE NOT NULL,
                                           -> condicion_medica VARCHAR(255) NOT NULL,
                                           -> observaciones VARCHAR(1000),
                                           -> FOREIGN KEY (paciente_id) REFERENCES pacientes(paciente_id),
                                           -> FOREIGN KEY (cuentas_pacientes_id) REFERENCES cuentas_pacientes(cuentas_pacientes_id),
                                           -> FOREIGN KEY (registro_por_empleado_id) REFERENCES empleados(empleado_id)
                                           -> asa;
ERROR: 1064: You have an error in your SQL syntax; check the manual that corresponds to your MySQL server version for the right syntax to use near 'asa' at line 12
 MySQL  localhost:33060+ ssl  hospital  SQL > CREATE TABLE registro_pacientes (
                                           -> registro_paciente_id INT NOT NULL AUTO_INCREMENT PRIMARY KEY,
                                           -> paciente_id INT NOT NULL,
                                           -> cuentas_pacientes_id INT NOT NULL,
                                           -> registro_por_empleado_id INT NOT NULL,
                                           -> fecha_admision DATE NOT NULL,
                                           -> condicion_medical VARCHAR(255) NOT NULL,
                                           -> observaciones VARCHAR(1000),
                                           -> FOREIGN KEY (paciente_id) REFERENCES pacientes(paciente_id) ON DELETE RESTRICT ON UPDATE CASCADE,
                                           -> FOREIGN KEY (cuentas_pacientes_id) REFERENCES cuentas_pacientes(cuentas_pacientes_id) ON DELETE RESTRICT ON UPDATE CASCADE,
                                           -> FOREIGN KEY (registro_por_empleado_id) REFERENCES empleados(empleado_id) ON DELETE RESTRICT ON UPDATE RESTRICT
                                           -> );
ERROR: 1824: Failed to open the referenced table 'cuentas_pacientes'
 MySQL  localhost:33060+ ssl  hospital  SQL > CREATE TABLE cuentas_pacientes (
                                           ->   cuentas_pacientes_id INT NOT NULL AUTO_INCREMENT PRIMARY KEY,
                                           ->   paciente_id INT NOT NULL,
                                           ->   forma_pago_pac_id INT NOT NULL,
                                           ->   fecha_emision DATE NOT NULL,
                                           ->   otros varchar(255),
                                           ->   FOREIGN KEY (paciente_id) REFERENCES pacientes(paciente_id)
                                           ->     ON DELETE RESTRICT
                                           ->     ON UPDATE CASCADE,
                                           ->   FOREIGN KEY (forma_pago_pac_id) REFERENCES formas_pago_pacientes(forma_pago_pac_id)
                                           ->     ON DELETE RESTRICT
                                           ->     ON UPDATE CASCADE
                                           -> );
ERROR: 1824: Failed to open the referenced table 'formas_pago_pacientes'
 MySQL  localhost:33060+ ssl  hospital  SQL > CREATE TABLE formas_pago_pacientes (
                                           ->   forma_pago_pac_id INT NOT NULL AUTO_INCREMENT PRIMARY KEY,
                                           ->   paciente_id INT NOT NULL,
                                           ->   forma_pago_id INT NOT NULL,
                                           ->   detalles TEXT,
                                           ->   FOREIGN KEY (paciente_id) REFERENCES pacientes(paciente_id) ON DELETE RESTRICT ON UPDATE CASCADE,
                                           ->   FOREIGN KEY (forma_pago_id) REFERENCES formas_pago(forma_pago_id) ON DELETE RESTRICT ON UPDATE CASCADE
                                           -> )aS;
ERROR: 1064: You have an error in your SQL syntax; check the manual that corresponds to your MySQL server version for the right syntax to use near '' at line 8
 MySQL  localhost:33060+ ssl  hospital  SQL > CREATE TABLE formas_pago (
                                           ->   forma_pago_id INT NOT NULL AUTO_INCREMENT PRIMARY KEY,
                                           ->   forma_pago VARCHAR(50) NOT NULL
                                           -> );
Query OK, 0 rows affected (0.0091 sec)
 MySQL  localhost:33060+ ssl  hospital  SQL > CREATE TABLE formas_pago_pacientes (   forma_pago_pac_id INT NOT NULL AUTO_INCREMENT PRIMARY KEY,   paciente_id INT NOT NULL,   forma_pago_id INT NOT NULL,   detalles varchar(255),   FOREIGN KEY (paciente_id) REFERENCES pacientes(paciente_id) ON DELETE RESTRICT ON UPDATE CASCADE,   FOREIGN KEY (forma_pago_id) REFERENCES formas_pago(forma_pago_id) ON DELETE RESTRICT ON UPDATE CASCADE );
Query OK, 0 rows affected (0.0139 sec)
 MySQL  localhost:33060+ ssl  hospital  SQL > CREATE TABLE cuentas_pacientes (   cuentas_pacientes_id INT NOT NULL AUTO_INCREMENT PRIMARY KEY,   paciente_id INT NOT NULL,   forma_pago_pac_id INT NOT NULL,   fecha_emision DATE NOT NULL,   otros varchar(255),   FOREIGN KEY (paciente_id) REFERENCES pacientes(paciente_id)     ON DELETE RESTRICT     ON UPDATE CASCADE,   FOREIGN KEY (forma_pago_pac_id) REFERENCES formas_pago_pacientes(forma_pago_pac_id)     ON DELETE RESTRICT     ON UPDATE CASCADE );
Query OK, 0 rows affected (0.0137 sec)
 MySQL  localhost:33060+ ssl  hospital  SQL > CREATE TABLE registro_pacientes ( registro_paciente_id INT NOT NULL AUTO_INCREMENT PRIMARY KEY, paciente_id INT NOT NULL, cuentas_pacientes_id INT NOT NULL, registro_por_empleado_id INT NOT NULL, fecha_admision DATE NOT NULL, condicion_medical VARCHAR(255) NOT NULL, observaciones VARCHAR(1000), FOREIGN KEY (paciente_id) REFERENCES pacientes(paciente_id) ON DELETE RESTRICT ON UPDATE CASCADE, FOREIGN KEY (cuentas_pacientes_id) REFERENCES cuentas_pacientes(cuentas_pacientes_id) ON DELETE RESTRICT ON UPDATE CASCADE, FOREIGN KEY (registro_por_empleado_id) REFERENCES empleados(empleado_id) ON DELETE RESTRICT ON UPDATE RESTRICT );
Query OK, 0 rows affected (0.0169 sec)
 MySQL  localhost:33060+ ssl  hospital  SQL > show tables;
+-----------------------+
| Tables_in_hospital    |
+-----------------------+
| cuartos               |
| cuentas_pacientes     |
| direcciones           |
| direcciones_empleados |
| empleados             |
| formas_pago           |
| formas_pago_pacientes |
| pacientes             |
| registro_pacientes    |
+-----------------------+
9 rows in set (0.0019 sec)
 MySQL  localhost:33060+ ssl  hospital  SQL > CREATE TABLE cuentas_pacientes_detalles (
                                           -> cuentas_pacientes_det_id INT NOT NULL AUTO_INCREMENT PRIMARY KEY,
                                           -> cuentas_pacientes_id INT NOT NULL,
                                           -> detalle TEXT DEFAULT 'Diagnóstico',
                                           -> cantidad DOUBLE NOT NULL,
                                           -> costo_total DOUBLE NOT NULL,
                                           -> FOREIGN KEY (cuentas_pacientes_id) REFERENCES pacientes(pacientes_id) ON DELETE RESTRICT ON UPDATE CASCADE
                                           -> );
ERROR: 1101: BLOB, TEXT, GEOMETRY or JSON column 'detalle' can't have a default value
 MySQL  localhost:33060+ ssl  hospital  SQL > CREATE TABLE cuentas_pacientes_detalles (
                                           -> cuentas_pacientes_det_id INT NOT NULL AUTO_INCREMENT PRIMARY KEY,
                                           -> cuentas_pacientes_id INT NOT NULL,
                                           -> detalle ENUM ('Diagnóstico'),
                                           -> cantidad DOUBLE NOT NULL,
                                           -> costo_total DOUBLE NOT NULL,
                                           -> FOREIGN KEY (cuentas_pacientes_id) REFERENCES pacientes(pacientes_id) ON DELETE RESTRICT ON UPDATE CASCADE
                                           -> );
ERROR: 3734: Failed to add the foreign key constraint. Missing column 'pacientes_id' for constraint 'cuentas_pacientes_detalles_ibfk_1' in the referenced table 'pacientes'
 MySQL  localhost:33060+ ssl  hospital  SQL > CREATE TABLE cuentas_pacientes_detalles (
                                           -> cuentas_pacientes_det_id INT NOT NULL AUTO_INCREMENT PRIMARY KEY,
                                           -> cuentas_pacientes_id INT NOT NULL,
                                           -> detalle ENUM ('Diagnóstico'),
                                           -> cantidad DOUBLE NOT NULL,
                                           -> costo_total DOUBLE NOT NULL,
                                           -> FOREIGN KEY (cuentas_pacientes_id) REFERENCES cuentas_pacientes(cuentas_pacientes_id) ON DELETE RESTRICT ON UPDATE CASCADE
                                           -> );
Query OK, 0 rows affected (0.0123 sec)
 MySQL  localhost:33060+ ssl  hospital  SQL > SHOW TABLES;
+----------------------------+
| Tables_in_hospital         |
+----------------------------+
| cuartos                    |
| cuentas_pacientes          |
| cuentas_pacientes_detalles |
| direcciones                |
| direcciones_empleados      |
| empleados                  |
| formas_pago                |
| formas_pago_pacientes      |
| pacientes                  |
| registro_pacientes         |
+----------------------------+
10 rows in set (0.0012 sec)
 MySQL  localhost:33060+ ssl  hospital  SQL > CREATE TABLE direcciones_pacientes (
                                           -> direccion_paciente_id INT NOT NULL AUTO_INCREMENT PRIMARY KEY,
                                           -> paciente_id INT NOT NULL,
                                           -> direccion_id INT NOT NULL,
                                           -> FOREIGN KEY (paciente_id) REFERENCES pacientes(paciente_id)
                                           -> ON UPDATE CASCADE
                                           -> ON DELETE RESTRICT,
                                           -> FOREIGN KEY (direccion_id) REFERENCES direcciones(direccion_id)
                                           -> ON UPDATE CASCADE
                                           -> ON DELETE CASCADE
                                           -> );
Query OK, 0 rows affected (0.0130 sec)
 MySQL  localhost:33060+ ssl  hospital  SQL > SHOW TABLES;
+----------------------------+
| Tables_in_hospital         |
+----------------------------+
| cuartos                    |
| cuentas_pacientes          |
| cuentas_pacientes_detalles |
| direcciones                |
| direcciones_empleados      |
| direcciones_pacientes      |
| empleados                  |
| formas_pago                |
| formas_pago_pacientes      |
| pacientes                  |
| registro_pacientes         |
+----------------------------+
11 rows in set (0.0013 sec)
 MySQL  localhost:33060+ ssl  hospital  SQL >




