MySQL Shell 8.0.32

Copyright (c) 2016, 2023, Oracle and/or its affiliates.
Oracle is a registered trademark of Oracle Corporation and/or its affiliates.
Other names may be trademarks of their respective owners.

Type '\help' or '\?' for help; '\quit' to exit.
 MySQL  JS > \sql
Switching to SQL mode... Commands end with ;
 MySQL  SQL > \connect --mc root@localhost
Creating a Classic session to 'root@localhost'
Fetching global names for auto-completion... Press ^C to stop.
Your MySQL connection id is 12
Server version: 8.0.32 MySQL Community Server - GPL
No default schema selected; type \use <schema> to set one.
 MySQL  localhost:3306 ssl  SQL > grant all on eva_2. * to 'prueba2'@'localhost';
Query OK, 0 rows affected (0.0064 sec)
 MySQL  localhost:3306 ssl  SQL > \connect --mc prueba2@localhost
Creating a Classic session to 'prueba2@localhost'
Please provide the password for 'prueba2@localhost': ********
Save password for 'prueba2@localhost'? [Y]es/[N]o/Ne[v]er (default No): N
Fetching global names for auto-completion... Press ^C to stop.
Error during auto-completion cache update: Access denied; you need (at least one of) the PROCESS privilege(s) for this operation
Closing old connection...
Your MySQL connection id is 13
Server version: 8.0.32 MySQL Community Server - GPL
No default schema selected; type \use <schema> to set one.
 MySQL  localhost:3306 ssl  SQL > show databases;
+--------------------+
| Database           |
+--------------------+
| eva_2              |
| information_schema |
| performance_schema |
+--------------------+
3 rows in set (0.0011 sec)
 MySQL  localhost:3306 ssl  SQL > \use eva_2
Default schema set to `eva_2`.
Fetching global names, object names from `eva_2` for auto-completion... Press ^C to stop.
 MySQL  localhost:3306 ssl  eva_2  SQL > show tables;
+-----------------+
| Tables_in_eva_2 |
+-----------------+
| a               |
| b               |
| contacts        |
| detalle         |
| detallefactura  |
| factura         |
| maestra         |
| phones          |
| tablaa          |
| tablab          |
+-----------------+
10 rows in set (0.0015 sec)
 MySQL  localhost:3306 ssl  eva_2  SQL > create table temp(id int);
Query OK, 0 rows affected (0.0166 sec)
 MySQL  localhost:3306 ssl  eva_2  SQL > show tables;
+-----------------+
| Tables_in_eva_2 |
+-----------------+
| a               |
| b               |
| contacts        |
| detalle         |
| detallefactura  |
| factura         |
| maestra         |
| phones          |
| tablaa          |
| tablab          |
| temp            |
+-----------------+
11 rows in set (0.0016 sec)
 MySQL  localhost:3306 ssl  eva_2  SQL > create user 'prueba3'@'localhost';
ERROR: 1227 (42000): Access denied; you need (at least one of) the CREATE USER privilege(s) for this operation
 MySQL  localhost:3306 ssl  eva_2  SQL > create user 'prueba3'@'localhost' identiffied by '1234';
ERROR: 1064 (42000): You have an error in your SQL syntax; check the manual that corresponds to your MySQL server version for the right syntax to use near 'identiffied by '1234'' at line 1
 MySQL  localhost:3306 ssl  eva_2  SQL > create user 'prueba3'@'localhost' identfied by '1234';
ERROR: 1064 (42000): You have an error in your SQL syntax; check the manual that corresponds to your MySQL server version for the right syntax to use near 'identfied by '1234'' at line 1
 MySQL  localhost:3306 ssl  eva_2  SQL > create user 'prueba3'@'localhost' identified by '1234';
ERROR: 1227 (42000): Access denied; you need (at least one of) the CREATE USER privilege(s) for this operation
 MySQL  localhost:3306 ssl  eva_2  SQL > \connect --mc root@localhost
Creating a Classic session to 'root@localhost'
Fetching global names for auto-completion... Press ^C to stop.
Closing old connection...
Your MySQL connection id is 14
Server version: 8.0.32 MySQL Community Server - GPL
No default schema selected; type \use <schema> to set one.
 MySQL  localhost:3306 ssl  SQL > create user 'soloconsultas'@'localhost' identfied by '1234';
ERROR: 1064 (42000): You have an error in your SQL syntax; check the manual that corresponds to your MySQL server version for the right syntax to use near 'identfied by '1234'' at line 1
 MySQL  localhost:3306 ssl  SQL > create user 'soloconsultas'@'localhost' identified by '1234';
Query OK, 0 rows affected (0.0063 sec)
 MySQL  localhost:3306 ssl  SQL > grant select on eva_2. * to 'soloconsultas'@'localhost';
Query OK, 0 rows affected (0.0039 sec)
 MySQL  localhost:3306 ssl  SQL > \connect --mc soloconsultas@localhost
Creating a Classic session to 'soloconsultas@localhost'
Please provide the password for 'soloconsultas@localhost': ****
Save password for 'soloconsultas@localhost'? [Y]es/[N]o/Ne[v]er (default No): N
Fetching global names for auto-completion... Press ^C to stop.
Error during auto-completion cache update: Access denied; you need (at least one of) the PROCESS privilege(s) for this operation
Closing old connection...
Your MySQL connection id is 15
Server version: 8.0.32 MySQL Community Server - GPL
No default schema selected; type \use <schema> to set one.
 MySQL  localhost:3306 ssl  SQL > show databases;
+--------------------+
| Database           |
+--------------------+
| eva_2              |
| information_schema |
| performance_schema |
+--------------------+
3 rows in set (0.0011 sec)
 MySQL  localhost:3306 ssl  SQL > \use eva_2
Default schema set to `eva_2`.
Fetching global names, object names from `eva_2` for auto-completion... Press ^C to stop.
 MySQL  localhost:3306 ssl  eva_2  SQL > create table s (id int);
ERROR: 1142 (42000): CREATE command denied to user 'soloconsultas'@'localhost' for table 's'
 MySQL  localhost:3306 ssl  eva_2  SQL > drop table temp;
ERROR: 1142 (42000): DROP command denied to user 'soloconsultas'@'localhost' for table 'temp'
 MySQL  localhost:3306 ssl  eva_2  SQL > desc tablaa
                                      -> ;
+--------+-------------+------+-----+---------+-------+
| Field  | Type        | Null | Key | Default | Extra |
+--------+-------------+------+-----+---------+-------+
| id     | int         | YES  |     | NULL    |       |
| nombre | varchar(10) | YES  |     | NULL    |       |
+--------+-------------+------+-----+---------+-------+
2 rows in set (0.0029 sec)
 MySQL  localhost:3306 ssl  eva_2  SQL > insert into tablaa values(10,'x');
ERROR: 1142 (42000): INSERT command denied to user 'soloconsultas'@'localhost' for table 'tablaa'
 MySQL  localhost:3306 ssl  eva_2  SQL > select * from tablaa;
+----+--------+
| id | nombre |
+----+--------+
|  1 | A      |
|  2 | B      |
|  3 | C      |
|  4 | D      |
+----+--------+
4 rows in set (0.0112 sec)
 MySQL  localhost:3306 ssl  eva_2  SQL > \connect --mc root@localhost
Creating a Classic session to 'root@localhost'
Fetching global names for auto-completion... Press ^C to stop.
Closing old connection...
Your MySQL connection id is 16
Server version: 8.0.32 MySQL Community Server - GPL
No default schema selected; type \use <schema> to set one.
 MySQL  localhost:3306 ssl  SQL > desc mysql.user;
+--------------------------+-----------------------------------+------+-----+-----------------------+-------+
| Field                    | Type                              | Null | Key | Default               | Extra |
+--------------------------+-----------------------------------+------+-----+-----------------------+-------+
| Host                     | char(255)                         | NO   | PRI |                       |       |
| User                     | char(32)                          | NO   | PRI |                       |       |
| Select_priv              | enum('N','Y')                     | NO   |     | N                     |       |
| Insert_priv              | enum('N','Y')                     | NO   |     | N                     |       |
| Update_priv              | enum('N','Y')                     | NO   |     | N                     |       |
| Delete_priv              | enum('N','Y')                     | NO   |     | N                     |       |
| Create_priv              | enum('N','Y')                     | NO   |     | N                     |       |
| Drop_priv                | enum('N','Y')                     | NO   |     | N                     |       |
| Reload_priv              | enum('N','Y')                     | NO   |     | N                     |       |
| Shutdown_priv            | enum('N','Y')                     | NO   |     | N                     |       |
| Process_priv             | enum('N','Y')                     | NO   |     | N                     |       |
| File_priv                | enum('N','Y')                     | NO   |     | N                     |       |
| Grant_priv               | enum('N','Y')                     | NO   |     | N                     |       |
| References_priv          | enum('N','Y')                     | NO   |     | N                     |       |
| Index_priv               | enum('N','Y')                     | NO   |     | N                     |       |
| Alter_priv               | enum('N','Y')                     | NO   |     | N                     |       |
| Show_db_priv             | enum('N','Y')                     | NO   |     | N                     |       |
| Super_priv               | enum('N','Y')                     | NO   |     | N                     |       |
| Create_tmp_table_priv    | enum('N','Y')                     | NO   |     | N                     |       |
| Lock_tables_priv         | enum('N','Y')                     | NO   |     | N                     |       |
| Execute_priv             | enum('N','Y')                     | NO   |     | N                     |       |
| Repl_slave_priv          | enum('N','Y')                     | NO   |     | N                     |       |
| Repl_client_priv         | enum('N','Y')                     | NO   |     | N                     |       |
| Create_view_priv         | enum('N','Y')                     | NO   |     | N                     |       |
| Show_view_priv           | enum('N','Y')                     | NO   |     | N                     |       |
| Create_routine_priv      | enum('N','Y')                     | NO   |     | N                     |       |
| Alter_routine_priv       | enum('N','Y')                     | NO   |     | N                     |       |
| Create_user_priv         | enum('N','Y')                     | NO   |     | N                     |       |
| Event_priv               | enum('N','Y')                     | NO   |     | N                     |       |
| Trigger_priv             | enum('N','Y')                     | NO   |     | N                     |       |
| Create_tablespace_priv   | enum('N','Y')                     | NO   |     | N                     |       |
| ssl_type                 | enum('','ANY','X509','SPECIFIED') | NO   |     |                       |       |
| ssl_cipher               | blob                              | NO   |     | NULL                  |       |
| x509_issuer              | blob                              | NO   |     | NULL                  |       |
| x509_subject             | blob                              | NO   |     | NULL                  |       |
| max_questions            | int unsigned                      | NO   |     | 0                     |       |
| max_updates              | int unsigned                      | NO   |     | 0                     |       |
| max_connections          | int unsigned                      | NO   |     | 0                     |       |
| max_user_connections     | int unsigned                      | NO   |     | 0                     |       |
| plugin                   | char(64)                          | NO   |     | caching_sha2_password |       |
| authentication_string    | text                              | YES  |     | NULL                  |       |
| password_expired         | enum('N','Y')                     | NO   |     | N                     |       |
| password_last_changed    | timestamp                         | YES  |     | NULL                  |       |
| password_lifetime        | smallint unsigned                 | YES  |     | NULL                  |       |
| account_locked           | enum('N','Y')                     | NO   |     | N                     |       |
| Create_role_priv         | enum('N','Y')                     | NO   |     | N                     |       |
| Drop_role_priv           | enum('N','Y')                     | NO   |     | N                     |       |
| Password_reuse_history   | smallint unsigned                 | YES  |     | NULL                  |       |
| Password_reuse_time      | smallint unsigned                 | YES  |     | NULL                  |       |
| Password_require_current | enum('N','Y')                     | YES  |     | NULL                  |       |
| User_attributes          | json                              | YES  |     | NULL                  |       |
+--------------------------+-----------------------------------+------+-----+-----------------------+-------+
51 rows in set (0.0027 sec)
 MySQL  localhost:3306 ssl  SQL > select *  from mysql.user;
+-----------+------------------+-------------+-------------+-------------+-------------+-------------+-----------+-------------+---------------+--------------+-----------+------------+-----------------+------------+------------+--------------+------------+-----------------------+------------------+--------------+-----------------+------------------+------------------+----------------+---------------------+--------------------+------------------+------------+--------------+------------------------+----------+------------+-------------+--------------+---------------+-------------+-----------------+----------------------+-----------------------+------------------------------------------------------------------------+------------------+-----------------------+-------------------+----------------+------------------+----------------+------------------------+---------------------+--------------------------+-----------------+
| Host      | User             | Select_priv | Insert_priv | Update_priv | Delete_priv | Create_priv | Drop_priv | Reload_priv | Shutdown_priv | Process_priv | File_priv | Grant_priv | References_priv | Index_priv | Alter_priv | Show_db_priv | Super_priv | Create_tmp_table_priv | Lock_tables_priv | Execute_priv | Repl_slave_priv | Repl_client_priv | Create_view_priv | Show_view_priv | Create_routine_priv | Alter_routine_priv | Create_user_priv | Event_priv | Trigger_priv | Create_tablespace_priv | ssl_type | ssl_cipher | x509_issuer | x509_subject | max_questions | max_updates | max_connections | max_user_connections | plugin                | authentication_string
  | password_expired | password_last_changed | password_lifetime | account_locked | Create_role_priv | Drop_role_priv | Password_reuse_history | Password_reuse_time | Password_require_current | User_attributes |
+-----------+------------------+-------------+-------------+-------------+-------------+-------------+-----------+-------------+---------------+--------------+-----------+------------+-----------------+------------+------------+--------------+------------+-----------------------+------------------+--------------+-----------------+------------------+------------------+----------------+---------------------+--------------------+------------------+------------+--------------+------------------------+----------+------------+-------------+--------------+---------------+-------------+-----------------+----------------------+-----------------------+------------------------------------------------------------------------+------------------+-----------------------+-------------------+----------------+------------------+----------------+------------------------+---------------------+--------------------------+-----------------+
| %         | isai             | Y           | Y           | Y           | Y           | Y           | Y         | Y           | Y             | Y            | Y         | Y          | Y               | Y          | Y          | Y
  | Y          | Y                     | Y                | Y            | Y               | Y                | Y                | Y              | Y                   | Y                  | Y                | Y          | Y            | Y                      |          | 0x         | 0x          | 0x           |             0 |           0 |
0 |                    0 | caching_sha2_password | $A$005$"(5\iwUGF?9XyAgm1K2zKea9lavrMasc5d4KQF8Za3jSX6hyKn.peDW0 | N                | 2023-01-31 16:48:14   |              NULL | N              | N                | N              |                   NULL |                NULL | NULL                     | NULL            |
| localhost | mysql.infoschema | Y           | N           | N           | N           | N           | N         | N           | N             | N            | N         | N          | N               | N          | N          | N
  | N          | N                     | N                | N            | N               | N                | N                | N              | N                   | N                  | N                | N          | N            | N                      |          | 0x         | 0x          | 0x           |             0 |           0 |
0 |                    0 | caching_sha2_password | $A$005$THISISACOMBINATIONOFINVALIDSALTANDPASSWORDTHATMUSTNEVERBRBEUSED | N                | 2023-01-31 16:48:09   |              NULL | Y              | N                | N              |                   NULL |                NULL | NULL                     | NULL            |
| localhost | mysql.session    | N           | N           | N           | N           | N           | N         | N           | Y             | N            | N         | N          | N               | N          | N          | N
  | Y          | N                     | N                | N            | N               | N                | N                | N              | N                   | N                  | N                | N          | N            | N                      |          | 0x         | 0x          | 0x           |             0 |           0 |
0 |                    0 | caching_sha2_password | $A$005$THISISACOMBINATIONOFINVALIDSALTANDPASSWORDTHATMUSTNEVERBRBEUSED | N                | 2023-01-31 16:48:09   |              NULL | Y              | N                | N              |                   NULL |                NULL | NULL                     | NULL            |
| localhost | mysql.sys        | N           | N           | N           | N           | N           | N         | N           | N             | N            | N         | N          | N               | N          | N          | N
  | N          | N                     | N                | N            | N               | N                | N                | N              | N                   | N                  | N                | N          | N            | N                      |          | 0x         | 0x          | 0x           |             0 |           0 |
0 |                    0 | caching_sha2_password | $A$005$THISISACOMBINATIONOFINVALIDSALTANDPASSWORDTHATMUSTNEVERBRBEUSED | N                | 2023-01-31 16:48:09   |              NULL | Y              | N                | N              |                   NULL |                NULL | NULL                     | NULL            |
| localhost | prueba           | N           | N           | N           | N           | N           | N         | N           | N             | N            | N         | N          | N               | N          | N          | N
  | N          | N                     | N                | N            | N               | N                | N                | N              | N                   | N                  | N                | N          | N            | N                      |          | 0x         | 0x          | 0x           |             0 |           0 |
2Fhnq0Gi2Y4kE8SmzBbsdKypjt0JZVA6iKfyW0qNEzeJnc7 | N                | 2023-03-28 11:23:32   |              NULL | N              | N                | N              |                   NULL |                NULL | NULL                     | NULL            |
| localhost | prueba2          | N           | N           | N           | N           | N           | N         | N           | N             | N            | N         | N          | N               | N          | N          | N
  | N          | N                     | N                | N            | N               | N                | N                | N              | N                   | N                  | N                | N          | N            | N                      |          | 0x         | 0x          | 0x           |             0 |           0 |
0 |                    0 | caching_sha2_password | $A$005$/_
#0hzZ\B`8(nRdYH2t4IqdLtr8hRLPwKPNCxp62ql1Ens9AcdMgv.a/ | N                | 2023-03-28 11:29:24   |              NULL | N              | N                | N              |                   NULL |                NULL | NULL
         | NULL            |
| localhost | root             | Y           | Y           | Y           | Y           | Y           | Y         | Y           | Y             | Y            | Y         | Y          | Y               | Y          | Y          | Y
  | Y          | Y                     | Y                | Y            | Y               | Y                | Y                | Y              | Y                   | Y                  | Y                | Y          | Y            | Y                      |          | 0x         | 0x          | 0x           |             0 |           0 |
0 |                    0 | caching_sha2_password | $A$005$"WJ34QU>*p%U9\SFscAwdWiCHWErufcOUUoLbpY19Esthc0l6NbqTouz0 | N                | 2023-01-31 16:48:14   |              NULL | N              | Y                | Y              |                   NULL |                NULL | NULL                     | NULL            |
| localhost | soloconsultas    | N           | N           | N           | N           | N           | N         | N           | N             | N            | N         | N          | N               | N          | N          | N
  | N          | N                     | N                | N            | N               | N                | N                | N              | N                   | N                  | N                | N          | N            | N                      |          | 0x         | 0x          | 0x           |             0 |           0 |
0 |                    0 | caching_sha2_password | $A$005$EVJ]nCYY#Gqqo2F/#6slcWt3uKwR8Vi4KtTlidn0q8hvXi3V1qHAakM3h0ZID | N                | 2023-03-28 11:40:01   |              NULL | N              | N                | N              |                   NULL |                NULL | NULL                     | NULL            |
| localhost | superusuario     | Y           | Y           | Y           | Y           | Y           | Y         | Y           | Y             | Y            | Y         | Y          | Y               | Y          | Y          | Y
  | Y          | Y                     | Y                | Y            | Y               | Y                | Y                | Y              | Y                   | Y                  | Y                | Y          | Y            | Y                      |          | 0x         | 0x          | 0x           |             0 |           0 |
0 |                    0 | caching_sha2_password | $A$005$J?+NbQMv*53U"R*HV_J9oetBo/pBrWFIUm0Wq4LhXJ/lwWkAEUiesDSOILm65 | N                | 2023-03-03 12:57:46   |              NULL | N              | Y                | Y              |                   NULL |                NULL | NULL                     | NULL            |
| localhost | usuario1         | N           | N           | N           | N           | N           | N         | N           | N             | N            | N         | N          | N               | N          | N          | N
  | N          | N                     | N                | N            | N               | N                | N                | N              | N                   | N                  | N                | N          | N            | N                      |          | 0x         | 0x          | 0x           |             0 |           0 |
*/gtguZMuucSnNFsr7CS4369dy31mVLGOS.Gf815x49B | N                | 2023-03-03 15:46:24   |              NULL | N
     | N                | N              |                   NULL |                NULL | NULL                     | NULL            |
| localhost | usuario2         | N           | N           | N           | N           | N           | N         | N           | N             | N            | N         | N          | N               | N          | N          | N
  | N          | N                     | N                | N            | N               | N                | N                | N              | N                   | N                  | N                | N          | N            | N                      |          | 0x         | 0x          | 0x           |             0 |           0 |
0 |                    0 | caching_sha2_password | $A$005$RUu=(&Xa1_*v+B&jNZfaKqL231iod1jsM6ObdhbkK8QCKGhKk6toKSfZXw4DB | N                | 2023-03-03 15:48:31   |              NULL | N              | N                | N              |                   NULL |                NULL | NULL                     | NULL            |
| localhost | usuario3         | N           | N           | N           | N           | N           | N         | N           | N             | N            | N         | N          | N               | N          | N          | N
  | N          | N                     | N                | N            | N               | N                | N                | N              | N                   | N                  | N                | N          | N            | N                      |          | 0x         | 0x          | 0x           |             0 |           0 |
0 |                    0 | caching_sha2_password | $A$005$U9fWM;4.aEW?{SO&GC1xqXRlGtvcCn7xPqpKLz5DmuLgaNxXGm/mRXf2Pj.3 | N                | 2023-03-03 15:48:31   |              NULL | N              | N                | N              |                   NULL |                NULL | NULL                     | NULL            |
| localhost | usuario4         | N           | N           | N           | N           | N           | N         | N           | N             | N            | N         | N          | N               | N          | N          | N
  | N          | N                     | N                | N            | N               | N                | N                | N              | N                   | N                  | N                | N          | N            | N                      |          | 0x         | 0x          | 0x           |             0 |           0 |
0 |                    0 | caching_sha2_password | $A$005$`%pEgBM.%(574
X+Y7fLvdMxsESdITTogDe7A4zHQUzS6tglyPoEYa5MylP/ | N                | 2023-03-03 15:48:31   |              NULL | N              | N                | N              |                   NULL |                NULL | NULL                     | NULL            |
| localhost | usuario5         | N           | N           | N           | N           | N           | N         | N           | N             | N            | N         | N          | N               | N          | N          | N
  | N          | N                     | N                | N            | N               | N                | N                | N              | N                   | N                  | N                | N          | N            | N                      |          | 0x         | 0x          | 0x           |             0 |           0 |
0 |                    0 | caching_sha2_password | $A$005$8p=Ld
sA,^O6hozuqsCPmilgJAm1z95wh9WIGgrgtO0/mqGbUIiBm5 | N                | 2023-03-03 15:48:31   |              NULL | N              | N                | N              |                   NULL |                NULL | NULL
   | NULL            |
+-----------+------------------+-------------+-------------+-------------+-------------+-------------+-----------+-------------+---------------+--------------+-----------+------------+-----------------+------------+------------+--------------+------------+-----------------------+------------------+--------------+-----------------+------------------+------------------+----------------+---------------------+--------------------+------------------+------------+--------------+------------------------+----------+------------+-------------+--------------+---------------+-------------+-----------------+----------------------+-----------------------+------------------------------------------------------------------------+------------------+-----------------------+-------------------+----------------+------------------+----------------+------------------------+---------------------+--------------------------+-----------------+
14 rows in set (0.0008 sec)
 MySQL  localhost:3306 ssl  SQL > create user 'solotabla'@'localhost' identified by '1234';
Query OK, 0 rows affected (0.0070 sec)
 MySQL  localhost:3306 ssl  SQL > grant select, insert on eva_2. tablaa to 'solotabla'@'localhost';
Query OK, 0 rows affected (0.0047 sec)
 MySQL  localhost:3306 ssl  SQL > \connect --mc solotabla@localhost
Creating a Classic session to 'solotabla@localhost'
Please provide the password for 'solotabla@localhost': ****
Save password for 'solotabla@localhost'? [Y]es/[N]o/Ne[v]er (default No): N
Fetching global names for auto-completion... Press ^C to stop.
Error during auto-completion cache update: Access denied; you need (at least one of) the PROCESS privilege(s) for this operation
Closing old connection...
Your MySQL connection id is 17
Server version: 8.0.32 MySQL Community Server - GPL
No default schema selected; type \use <schema> to set one.
 MySQL  localhost:3306 ssl  SQL > show databases;
+--------------------+
| Database           |
+--------------------+
| eva_2              |
| information_schema |
| performance_schema |
+--------------------+
3 rows in set (0.0012 sec)
 MySQL  localhost:3306 ssl  SQL > \use eva_2
Default schema set to `eva_2`.
Fetching global names, object names from `eva_2` for auto-completion... Press ^C to stop.
 MySQL  localhost:3306 ssl  eva_2  SQL > show tables;
+-----------------+
| Tables_in_eva_2 |
+-----------------+
| tablaa          |
+-----------------+
1 row in set (0.0015 sec)
 MySQL  localhost:3306 ssl  eva_2  SQL > drop tablaa;
ERROR: 1064 (42000): You have an error in your SQL syntax; check the manual that corresponds to your MySQL server version for the right syntax to use near 'tablaa' at line 1
 MySQL  localhost:3306 ssl  eva_2  SQL > drop table tablaa;
ERROR: 1142 (42000): DROP command denied to user 'solotabla'@'localhost' for table 'tablaa'
 MySQL  localhost:3306 ssl  eva_2  SQL > insert into tablaa
                                      -> values(5,'w');
Query OK, 1 row affected (0.0051 sec)
 MySQL  localhost:3306 ssl  eva_2  SQL >